#Timing report of worst 2 path(s)
# Unit scale: 1e-09 seconds
# Output precision: 3

#Path 1
Startpoint: top^A.inpad[0] (.input clocked by top^clk)
Endpoint  : top^Out_FF_NODE.D[0] (.latch clocked by top^clk)
Path Type : hold

Point                                                             Incr      Path
--------------------------------------------------------------------------------
clock top^clk (rise edge)                                        0.000     0.000
clock source latency                                             0.000     0.000
input external delay                                             0.000     0.000
top^A.inpad[0] (.input)                                          0.000     0.000
n10.in[0] (.names)                                               0.149     0.149
n10.out[0] (.names)                                              0.235     0.384
top^Out_FF_NODE.D[0] (.latch)                                    0.000     0.384
data arrival time                                                          0.384

clock top^clk (rise edge)                                        0.000     0.000
clock source latency                                             0.000     0.000
top^clk.inpad[0] (.input)                                        0.000     0.000
top^Out_FF_NODE.clk[0] (.latch)                                  0.000     0.000
clock uncertainty                                                0.000     0.000
cell hold time                                                   0.066     0.066
data required time                                                         0.066
--------------------------------------------------------------------------------
data required time                                                        -0.066
data arrival time                                                          0.384
--------------------------------------------------------------------------------
slack (MET)                                                                0.318


#Path 2
Startpoint: top^Out_FF_NODE.Q[0] (.latch clocked by top^clk)
Endpoint  : out:top^Out.outpad[0] (.output clocked by top^clk)
Path Type : hold

Point                                                             Incr      Path
--------------------------------------------------------------------------------
clock top^clk (rise edge)                                        0.000     0.000
clock source latency                                             0.000     0.000
top^clk.inpad[0] (.input)                                        0.000     0.000
top^Out_FF_NODE.clk[0] (.latch)                                  0.000     0.000
top^Out_FF_NODE.Q[0] (.latch) [clock-to-output]                  0.124     0.124
out:top^Out.outpad[0] (.output)                                  0.532     0.656
data arrival time                                                          0.656

clock top^clk (rise edge)                                        0.000     0.000
clock source latency                                             0.000     0.000
clock uncertainty                                                0.000     0.000
output external delay                                            0.000     0.000
data required time                                                         0.000
--------------------------------------------------------------------------------
data required time                                                        -0.000
data arrival time                                                          0.656
--------------------------------------------------------------------------------
slack (MET)                                                                0.656


#End of timing report
